exports[`src/shared/LoadingSpinner.js renders the loading spinner 1`] = `
<div>
  LOADING
</div>
`;
