exports[`src/NotFound.js renders the Not Found page 1`] = `
<div>
  <h1>
    Oops! You\'ve ended up in a dark place
  </h1>
  <br />
  <a
    className=""
    href="/"
    onClick={[Function]}
    style={Object {}}>
    Click here to return to normality
  </a>
</div>
`;
